// Jest Snapshot v1, https://goo.gl/fbAQLP

exports[`should render EditExpense correctly 1`] = `
<div>
  <h1>
    Edit Expense: 
    Rent
  </h1>
  <p>
    You are editing expense id: 
    2
  </p>
  <ExpenseForm
    expense={
      Object {
        "amount": 1212341,
        "createdAt": -345600000,
        "description": "Rent",
        "id": "2",
        "note": "test",
      }
    }
    onSubmit={[Function]}
  />
  <button
    onClick={[Function]}
  >
    Remove
  </button>
</div>
`;
